[    0.000000] Initializing cgroup subsys cpuset
[    0.000000] Initializing cgroup subsys cpu
[    0.000000] Initializing cgroup subsys cpuacct
[    0.000000] Linux version 4.4.0-210-generic (buildd@lgw01-amd64-009) (gcc version 5.4.0 20160609 (Ubuntu 5.4.0-6ubuntu1~16.04.12) ) #242-Ubuntu SMP Fri Apr 16 09:57:56 UTC 2021 (Ubuntu 4.4.0-210.242-generic 4.4.262)
[    0.000000] Command line: BOOT_IMAGE=/boot/vmlinuz-4.4.0-210-generic root=LABEL=cloudimg-rootfs ro console=tty1 console=ttyS0
[    0.000000] KERNEL supported cpus:
[    0.000000]   Intel GenuineIntel
[    0.000000]   AMD AuthenticAMD
[    0.000000]   Centaur CentaurHauls
[    0.000000] [Firmware Bug]: TSC doesn't count with P0 frequency!
[    0.000000] x86/fpu: xstate_offset[2]:  576, xstate_sizes[2]:  256
[    0.000000] x86/fpu: Supporting XSAVE feature 0x01: 'x87 floating point registers'
[    0.000000] x86/fpu: Supporting XSAVE feature 0x02: 'SSE registers'
[    0.000000] x86/fpu: Supporting XSAVE feature 0x04: 'AVX registers'
[    0.000000] x86/fpu: Enabled xstate features 0x7, context size is 832 bytes, using 'standard' format.
[    0.000000] e820: BIOS-provided physical RAM map:
[    0.000000] BIOS-e820: [mem 0x0000000000000000-0x000000000009fbff] usable
[    0.000000] BIOS-e820: [mem 0x000000000009fc00-0x000000000009ffff] reserved
[    0.000000] BIOS-e820: [mem 0x00000000000f0000-0x00000000000fffff] reserved
[    0.000000] BIOS-e820: [mem 0x0000000000100000-0x000000003ffeffff] usable
[    0.000000] BIOS-e820: [mem 0x000000003fff0000-0x000000003fffffff] ACPI data
[    0.000000] BIOS-e820: [mem 0x00000000fec00000-0x00000000fec00fff] reserved
[    0.000000] BIOS-e820: [mem 0x00000000fee00000-0x00000000fee00fff] reserved
[    0.000000] BIOS-e820: [mem 0x00000000fffc0000-0x00000000ffffffff] reserved
[    0.000000] NX (Execute Disable) protection: active
[    0.000000] SMBIOS 2.5 present.
[    0.000000] Hypervisor detected: KVM
[    0.000000] Kernel/User page tables isolation: disabled
[    0.000000] e820: last_pfn = 0x3fff0 max_arch_pfn = 0x400000000
[    0.000000] MTRR: Disabled
[    0.000000] x86/PAT: MTRRs disabled, skipping PAT initialization too.
[    0.000000] CPU MTRRs all blank - virtualized system.
[    0.000000] x86/PAT: Configuration [0-7]: WB  WT  UC- UC  WB  WT  UC- UC  
[    0.000000] found SMP MP-table at [mem 0x0009fff0-0x0009ffff] mapped at [ffff88000009fff0]
[    0.000000] Scanning 1 areas for low memory corruption
[    0.000000] RAMDISK: [mem 0x362dc000-0x37165fff]
[    0.000000] ACPI: Early table checksum verification disabled
[    0.000000] ACPI: RSDP 0x00000000000E0000 000024 (v02 VBOX  )
[    0.000000] ACPI: XSDT 0x000000003FFF0030 00003C (v01 VBOX   VBOXXSDT 00000001 ASL  00000061)
[    0.000000] ACPI: FACP 0x000000003FFF00F0 0000F4 (v04 VBOX   VBOXFACP 00000001 ASL  00000061)
[    0.000000] ACPI: DSDT 0x000000003FFF0470 002325 (v02 VBOX   VBOXBIOS 00000002 INTL 20190509)
[    0.000000] ACPI: FACS 0x000000003FFF0200 000040
[    0.000000] ACPI: FACS 0x000000003FFF0200 000040
[    0.000000] ACPI: APIC 0x000000003FFF0240 00005C (v02 VBOX   VBOXAPIC 00000001 ASL  00000061)
[    0.000000] ACPI: SSDT 0x000000003FFF02A0 0001CC (v01 VBOX   VBOXCPUT 00000002 INTL 20190509)
[    0.000000] No NUMA configuration found
[    0.000000] Faking a node at [mem 0x0000000000000000-0x000000003ffeffff]
[    0.000000] NODE_DATA(0) allocated [mem 0x3ffeb000-0x3ffeffff]
[    0.000000] kvm-clock: Using msrs 4b564d01 and 4b564d00
[    0.000000] kvm-clock: cpu 0, msr 0:3ffe3001, primary cpu clock
[    0.000000] kvm-clock: using sched offset of 2979029183 cycles
[    0.000000] clocksource: kvm-clock: mask: 0xffffffffffffffff max_cycles: 0x1cd42e4dffb, max_idle_ns: 881590591483 ns
[    0.000000] Zone ranges:
[    0.000000]   DMA      [mem 0x0000000000001000-0x0000000000ffffff]
[    0.000000]   DMA32    [mem 0x0000000001000000-0x000000003ffeffff]
[    0.000000]   Normal   empty
[    0.000000]   Device   empty
[    0.000000] Movable zone start for each node
[    0.000000] Early memory node ranges
[    0.000000]   node   0: [mem 0x0000000000001000-0x000000000009efff]
[    0.000000]   node   0: [mem 0x0000000000100000-0x000000003ffeffff]
[    0.000000] Initmem setup node 0 [mem 0x0000000000001000-0x000000003ffeffff]
[    0.000000] ACPI: PM-Timer IO Port: 0x4008
[    0.000000] IOAPIC[0]: apic_id 2, version 32, address 0xfec00000, GSI 0-23
[    0.000000] ACPI: INT_SRC_OVR (bus 0 bus_irq 0 global_irq 2 dfl dfl)
[    0.000000] ACPI: INT_SRC_OVR (bus 0 bus_irq 9 global_irq 9 low level)
[    0.000000] Using ACPI (MADT) for SMP configuration information
[    0.000000] smpboot: Allowing 2 CPUs, 0 hotplug CPUs
[    0.000000] PM: Registered nosave memory: [mem 0x00000000-0x00000fff]
[    0.000000] PM: Registered nosave memory: [mem 0x0009f000-0x0009ffff]
[    0.000000] PM: Registered nosave memory: [mem 0x000a0000-0x000effff]
[    0.000000] PM: Registered nosave memory: [mem 0x000f0000-0x000fffff]
[    0.000000] e820: [mem 0x40000000-0xfebfffff] available for PCI devices
[    0.000000] Booting paravirtualized kernel on KVM
[    0.000000] clocksource: refined-jiffies: mask: 0xffffffff max_cycles: 0xffffffff, max_idle_ns: 7645519600211568 ns
[    0.000000] setup_percpu: NR_CPUS:512 nr_cpumask_bits:512 nr_cpu_ids:2 nr_node_ids:1
[    0.000000] PERCPU: Embedded 33 pages/cpu @ffff88003fc00000 s95192 r8192 d31784 u1048576
[    0.000000] Built 1 zonelists in Node order, mobility grouping on.  Total pages: 257912
[    0.000000] Policy zone: DMA32
[    0.000000] Kernel command line: BOOT_IMAGE=/boot/vmlinuz-4.4.0-210-generic root=LABEL=cloudimg-rootfs ro console=tty1 console=ttyS0
[    0.000000] PID hash table entries: 4096 (order: 3, 32768 bytes)
[    0.000000] Memory: 997792K/1048120K available (8644K kernel code, 1332K rwdata, 4044K rodata, 1492K init, 1164K bss, 50328K reserved, 0K cma-reserved)
[    0.000000] SLUB: HWalign=64, Order=0-3, MinObjects=0, CPUs=2, Nodes=1
[    0.000000] Hierarchical RCU implementation.
[    0.000000] 	Build-time adjustment of leaf fanout to 64.
[    0.000000] 	RCU restricting CPUs from NR_CPUS=512 to nr_cpu_ids=2.
[    0.000000] RCU: Adjusting geometry for rcu_fanout_leaf=64, nr_cpu_ids=2
[    0.000000] NR_IRQS:33024 nr_irqs:440 16
[    0.000000] Console: colour VGA+ 80x25
[    0.000000] console [tty1] enabled
[    0.000000] console [ttyS0] enabled
[    0.000000] tsc: Detected 3800.006 MHz processor
[    0.085381] Calibrating delay loop (skipped) preset value.. 7600.01 BogoMIPS (lpj=15200024)
[    0.086379] pid_max: default: 32768 minimum: 301
[    0.086901] ACPI: Core revision 20150930
[    0.087985] ACPI: 2 ACPI AML tables successfully acquired and loaded
[    0.088741] Security Framework initialized
[    0.089221] Yama: becoming mindful.
[    0.089669] AppArmor: AppArmor initialized
[    0.090215] Dentry cache hash table entries: 131072 (order: 8, 1048576 bytes)
[    0.091057] Inode-cache hash table entries: 65536 (order: 7, 524288 bytes)
[    0.092245] Mount-cache hash table entries: 2048 (order: 2, 16384 bytes)
[    0.092969] Mountpoint-cache hash table entries: 2048 (order: 2, 16384 bytes)
[    0.093772] Initializing cgroup subsys io
[    0.094262] Initializing cgroup subsys memory
[    0.094769] Initializing cgroup subsys devices
[    0.095283] Initializing cgroup subsys freezer
[    0.095798] Initializing cgroup subsys net_cls
[    0.096309] Initializing cgroup subsys perf_event
[    0.096842] Initializing cgroup subsys net_prio
[    0.097362] Initializing cgroup subsys hugetlb
[    0.098057] Initializing cgroup subsys pids
[    0.106066] mce: CPU supports 0 MCE banks
[    0.106721] Last level iTLB entries: 4KB 1024, 2MB 1024, 4MB 512
[    0.107434] Last level dTLB entries: 4KB 2048, 2MB 2048, 4MB 1024, 1GB 0
[    0.108193] Spectre V1 : Mitigation: usercopy/swapgs barriers and __user pointer sanitization
[    0.109272] Spectre V2 : Spectre mitigation: LFENCE not serializing, switching to generic retpoline
[    0.110385] Spectre V2 : Mitigation: Full generic retpoline
[    0.111036] Spectre V2 : Spectre v2 / SpectreRSB mitigation: Filling RSB on context switch
[    0.112083] Speculative Store Bypass: Mitigation: Speculative Store Bypass disabled via prctl and seccomp
[    0.114601] Freeing SMP alternatives memory: 36K
[    0.118589] ftrace: allocating 32380 entries in 127 pages
[    0.157796] smpboot: APIC(0) Converting physical 0 to logical package 0
[    0.158596] smpboot: Max logical packages: 1
[    0.159279] x2apic enabled
[    0.159827] Switched APIC routing to physical x2apic.
[    0.161191] ..TIMER: vector=0x30 apic1=0 pin1=2 apic2=-1 pin2=-1
[    0.270038] APIC calibration not consistent with PM-Timer: 117ms instead of 100ms
[    0.271095] APIC delta adjusted to PM-Timer: 6359762 (7462026)
[    0.271842] smpboot: CPU0: AMD Ryzen 5 3600X 6-Core Processor (family: 0x17, model: 0x71, stepping: 0x0)
[    0.273115] Performance Events: Broken PMU hardware detected, using software events only.
[    0.274269] Failed to access perfctr msr (MSR c0010007 is 0)
[    0.278933] KVM setup paravirtual spinlock
[    0.280097] x86: Booting SMP configuration:
[    0.280701] .... node  #0, CPUs:      #1
[    0.281376] kvm-clock: cpu 1, msr 0:3ffe3041, secondary cpu clock
[    0.289880] mce: CPU supports 0 MCE banks
[    0.292349] x86: Booted up 1 node, 2 CPUs
[    0.293104] smpboot: Total of 2 processors activated (15200.02 BogoMIPS)
[    0.294344] devtmpfs: initialized
[    0.296089] evm: security.selinux
[    0.296585] evm: security.SMACK64
[    0.297056] evm: security.SMACK64EXEC
[    0.297601] evm: security.SMACK64TRANSMUTE
[    0.298179] evm: security.SMACK64MMAP
[    0.298712] evm: security.ima
[    0.299203] evm: security.capability
[    0.300327] clocksource: jiffies: mask: 0xffffffff max_cycles: 0xffffffff, max_idle_ns: 7645041785100000 ns
[    0.301666] futex hash table entries: 512 (order: 3, 32768 bytes)
[    0.302512] pinctrl core: initialized pinctrl subsystem
[    0.303354] RTC time: 16:31:56, date: 04/21/22
[    0.304137] NET: Registered protocol family 16
[    0.315520] cpuidle: using governor ladder
[    0.323611] cpuidle: using governor menu
[    0.324524] PCCT header not found.
[    0.325704] ACPI: bus type PCI registered
[    0.326614] acpiphp: ACPI Hot Plug PCI Controller Driver version: 0.5
[    0.327889] PCI: Using configuration type 1 for base access
[    0.328915] PCI: Using configuration type 1 for extended access
[    0.336666] ACPI: Added _OSI(Module Device)
[    0.337521] ACPI: Added _OSI(Processor Device)
[    0.338353] ACPI: Added _OSI(3.0 _SCP Extensions)
[    0.339206] ACPI: Added _OSI(Processor Aggregator Device)
[    0.340772] ACPI: Executed 1 blocks of module-level executable AML code
[    0.344124] ACPI: Interpreter enabled
[    0.344949] ACPI: (supports S0 S5)
[    0.345742] ACPI: Using IOAPIC for interrupt routing
[    0.346614] PCI: Using host bridge windows from ACPI; if necessary, use "pci=nocrs" and report a bug
[    0.349699] ACPI: PCI Root Bridge [PCI0] (domain 0000 [bus 00-ff])
[    0.350609] acpi PNP0A03:00: _OSC: OS supports [ExtendedConfig ASPM ClockPM Segments MSI]
[    0.352183] acpi PNP0A03:00: _OSC: platform does not support [PCIeCapability]
[    0.353335] acpi PNP0A03:00: _OSC: not requesting control; platform does not support [PCIeCapability]
[    0.354683] acpi PNP0A03:00: _OSC: OS requested [PCIeHotplug PME AER PCIeCapability]
[    0.355883] acpi PNP0A03:00: _OSC: platform willing to grant [PCIeHotplug PME AER]
[    0.362262] acpi PNP0A03:00: _OSC failed (AE_SUPPORT); disabling ASPM
[    0.363287] PCI host bridge to bus 0000:00
[    0.363902] pci_bus 0000:00: root bus resource [io  0x0000-0x0cf7 window]
[    0.364861] pci_bus 0000:00: root bus resource [io  0x0d00-0xffff window]
[    0.365810] pci_bus 0000:00: root bus resource [mem 0x000a0000-0x000bffff window]
[    0.366894] pci_bus 0000:00: root bus resource [mem 0x40000000-0xfdffffff window]
[    0.367990] pci_bus 0000:00: root bus resource [bus 00-ff]
[    0.369435] pci 0000:00:01.1: legacy IDE quirk: reg 0x10: [io  0x01f0-0x01f7]
[    0.370445] pci 0000:00:01.1: legacy IDE quirk: reg 0x14: [io  0x03f6]
[    0.371313] pci 0000:00:01.1: legacy IDE quirk: reg 0x18: [io  0x0170-0x0177]
[    0.372163] pci 0000:00:01.1: legacy IDE quirk: reg 0x1c: [io  0x0376]
[    0.379592] pci 0000:00:07.0: quirk: [io  0x4000-0x403f] claimed by PIIX4 ACPI
[    0.380635] pci 0000:00:07.0: quirk: [io  0x4100-0x410f] claimed by PIIX4 SMB
[    0.383710] ACPI: PCI Interrupt Link [LNKA] (IRQs 5 9 10 *11)
[    0.384855] ACPI: PCI Interrupt Link [LNKB] (IRQs 5 9 *10 11)
[    0.385908] ACPI: PCI Interrupt Link [LNKC] (IRQs 5 *9 10 11)
[    0.386940] ACPI: PCI Interrupt Link [LNKD] (IRQs 5 9 10 *11)
[    0.387973] ACPI: Enabled 2 GPEs in block 00 to 07
[    0.388888] vgaarb: setting as boot device: PCI:0000:00:02.0
[    0.389680] vgaarb: device added: PCI:0000:00:02.0,decodes=io+mem,owns=io+mem,locks=none
[    0.391026] vgaarb: loaded
[    0.391512] vgaarb: bridge control possible 0000:00:02.0
[    0.392430] SCSI subsystem initialized
[    0.393118] ACPI: bus type USB registered
[    0.393951] usbcore: registered new interface driver usbfs
[    0.394928] usbcore: registered new interface driver hub
[    0.395909] usbcore: registered new device driver usb
[    0.397059] PCI: Using ACPI for IRQ routing
[    0.398131] NetLabel: Initializing
[    0.398881] NetLabel:  domain hash size = 128
[    0.399715] NetLabel:  protocols = UNLABELED CIPSOv4
[    0.400652] NetLabel:  unlabeled traffic allowed by default
[    0.401832] amd_nb: Cannot enumerate AMD northbridges
[    0.402572] clocksource: Switched to clocksource kvm-clock
[    0.407519] AppArmor: AppArmor Filesystem Enabled
[    0.408235] pnp: PnP ACPI init
[    0.409060] pnp: PnP ACPI: found 3 devices
[    0.416406] clocksource: acpi_pm: mask: 0xffffff max_cycles: 0xffffff, max_idle_ns: 2085701024 ns
[    0.417746] NET: Registered protocol family 2
[    0.418479] TCP established hash table entries: 8192 (order: 4, 65536 bytes)
[    0.419428] TCP bind hash table entries: 8192 (order: 5, 131072 bytes)
[    0.420311] TCP: Hash tables configured (established 8192 bind 8192)
[    0.421190] UDP hash table entries: 512 (order: 2, 16384 bytes)
[    0.421938] UDP-Lite hash table entries: 512 (order: 2, 16384 bytes)
[    0.422831] NET: Registered protocol family 1
[    0.423476] pci 0000:00:00.0: Limiting direct PCI/PCI transfers
[    0.424265] pci 0000:00:01.0: Activating ISA DMA hang workarounds
[    0.425555] Unpacking initramfs...
[    0.583352] Freeing initrd memory: 14888K
[    0.584003] clocksource: tsc: mask: 0xffffffffffffffff max_cycles: 0x6d8cbc9a578, max_idle_ns: 881591010625 ns
[    0.585236] platform rtc_cmos: registered platform RTC device (no PNP device found)
[    0.586247] Scanning for low memory corruption every 60 seconds
[    0.587180] audit: initializing netlink subsys (disabled)
[    0.587821] audit: type=2000 audit(1650558720.771:1): initialized
[    0.588689] Initialise system trusted keyring
[    0.589369] HugeTLB registered 2 MB page size, pre-allocated 0 pages
[    0.590777] zbud: loaded
[    0.591696] VFS: Disk quotas dquot_6.6.0
[    0.592763] VFS: Dquot-cache hash table entries: 512 (order 0, 4096 bytes)
[    0.594487] squashfs: version 4.0 (2009/01/31) Phillip Lougher
[    0.595929] fuse init (API version 7.23)
[    0.597058] Key type big_key registered
[    0.597486] Allocating IMA MOK and blacklist keyrings.
[    0.598619] Key type asymmetric registered
[    0.599432] Asymmetric key parser 'x509' registered
[    0.600471] Block layer SCSI generic (bsg) driver version 0.4 loaded (major 249)
[    0.601916] io scheduler noop registered
[    0.602677] io scheduler deadline registered (default)
[    0.603616] io scheduler cfq registered
[    0.604448] pci_hotplug: PCI Hot Plug PCI Core version: 0.5
[    0.605398] pciehp: PCI Express Hot Plug Controller Driver version: 0.4
[    0.606450] ACPI: AC Adapter [AC] (on-line)
[    0.606977] input: Power Button as /devices/LNXSYSTM:00/LNXPWRBN:00/input/input0
[    0.607810] ACPI: Power Button [PWRF]
[    0.608262] input: Sleep Button as /devices/LNXSYSTM:00/LNXSLPBN:00/input/input1
[    0.609091] ACPI: Sleep Button [SLPF]
[    0.609621] GHES: HEST is not enabled!
[    0.610125] Serial: 8250/16550 driver, 32 ports, IRQ sharing enabled
[    0.631575] 00:02: ttyS0 at I/O 0x3f8 (irq = 4, base_baud = 115200) is a 16550A
[    0.633617] Linux agpgart interface v0.103
[    0.635467] loop: module loaded
[    0.636193] scsi host0: ata_piix
[    0.636992] scsi host1: ata_piix
[    0.637384] ata1: PATA max UDMA/33 cmd 0x1f0 ctl 0x3f6 bmdma 0xd000 irq 14
[    0.638039] ata2: PATA max UDMA/33 cmd 0x170 ctl 0x376 bmdma 0xd008 irq 15
[    0.638718] libphy: Fixed MDIO Bus: probed
[    0.639188] tun: Universal TUN/TAP device driver, 1.6
[    0.639713] tun: (C) 1999-2004 Max Krasnyansky <maxk@qualcomm.com>
[    0.640358] PPP generic driver version 2.4.2
[    0.640923] ehci_hcd: USB 2.0 'Enhanced' Host Controller (EHCI) Driver
[    0.641536] ehci-pci: EHCI PCI platform driver
[    0.641998] ehci-platform: EHCI generic platform driver
[    0.642529] ohci_hcd: USB 1.1 'Open' Host Controller (OHCI) Driver
[    0.643149] ohci-pci: OHCI PCI platform driver
[    0.643607] ohci-platform: OHCI generic platform driver
[    0.644123] uhci_hcd: USB Universal Host Controller Interface driver
[    0.644741] i8042: PNP: PS/2 Controller [PNP0303:PS2K,PNP0f03:PS2M] at 0x60,0x64 irq 1,12
[    0.645916] serio: i8042 KBD port at 0x60,0x64 irq 1
[    0.646418] serio: i8042 AUX port at 0x60,0x64 irq 12
[    0.647073] mousedev: PS/2 mouse device common for all mice
[    0.647976] input: AT Translated Set 2 keyboard as /devices/platform/i8042/serio0/input/input2
[    0.648919] rtc_cmos rtc_cmos: rtc core: registered rtc_cmos as rtc0
[    0.649612] rtc_cmos rtc_cmos: alarms up to one day, 114 bytes nvram
[    0.650308] i2c /dev entries driver
[    0.650774] device-mapper: uevent: version 1.0.3
[    0.651352] device-mapper: ioctl: 4.34.0-ioctl (2015-10-28) initialised: dm-devel@redhat.com
[    0.652247] ledtrig-cpu: registered to indicate activity on CPUs
[    0.653111] NET: Registered protocol family 10
[    0.653778] NET: Registered protocol family 17
[    0.654577] Key type dns_resolver registered
[    0.655755] registered taskstats version 1
[    0.656571] Loading compiled-in X.509 certificates
[    0.658249] Loaded X.509 cert 'Build time autogenerated kernel key: cf00e047681d67edb2720680708b7d9498083038'
[    0.660036] zswap: loaded using pool lzo/zbud
[    0.662355] Key type trusted registered
[    0.665019] Key type encrypted registered
[    0.665745] AppArmor: AppArmor sha1 policy hashing enabled
[    0.666613] ima: No TPM chip found, activating TPM-bypass!
[    0.667494] ima: Allocated hash algorithm: sha1
[    0.668249] evm: HMAC attrs: 0x1
[    0.669090]   Magic number: 2:740:540
[    0.669789]  node: hash matches
[    0.670429] rtc_cmos rtc_cmos: setting system clock to 2022-04-21 16:31:56 UTC (1650558716)
[    0.671845] BIOS EDD facility v0.16 2004-Jun-25, 0 devices found
[    0.672657] EDD information not available.
[    0.815960] Freeing unused kernel memory: 1492K
[    0.816482] Write protecting the kernel read-only data: 14336k
[    0.817367] Freeing unused kernel memory: 1584K
[    0.817928] Freeing unused kernel memory: 52K
Loading, please wait...
starting version 229
[    0.828589] random: systemd-udevd: uninitialized urandom read (16 bytes read, 2 bits of entropy available)
[    0.829132] random: udevadm: uninitialized urandom read (16 bytes read, 2 bits of entropy available)
[    0.829156] random: udevadm: uninitialized urandom read (16 bytes read, 2 bits of entropy available)
[    0.832005] random: systemd-udevd: uninitialized urandom read (16 bytes read, 2 bits of entropy available)
[    0.832943] random: systemd-udevd: uninitialized urandom read (16 bytes read, 2 bits of entropy available)
[    0.833871] random: systemd-udevd: uninitialized urandom read (16 bytes read, 2 bits of entropy available)
[    0.834774] random: udevadm: uninitialized urandom read (16 bytes read, 2 bits of entropy available)
[    0.834804] random: udevadm: uninitialized urandom read (16 bytes read, 2 bits of entropy available)
[    0.834888] random: udevadm: uninitialized urandom read (16 bytes read, 2 bits of entropy available)
[    0.834923] random: udevadm: uninitialized urandom read (16 bytes read, 2 bits of entropy available)
[    0.860238] e1000: Intel(R) PRO/1000 Network Driver - version 7.3.21-k8-NAPI
[    0.860904] e1000: Copyright (c) 1999-2006 Intel Corporation.
[    0.863552] Fusion MPT base driver 3.04.20
[    0.863999] Copyright (c) 1999-2008 LSI Corporation
[    0.866765] Fusion MPT SPI Host driver 3.04.20
[    0.878060] AVX2 version of gcm_enc/dec engaged.
[    0.878563] AES CTR mode by8 optimization enabled
[    1.091489] input: ImExPS/2 Generic Explorer Mouse as /devices/platform/i8042/serio1/input/input4
[    1.178078] e1000 0000:00:03.0 eth0: (PCI:33MHz:32-bit) 02:be:82:6b:cc:1d
[    1.178726] e1000 0000:00:03.0 eth0: Intel(R) PRO/1000 Network Connection
[    1.179793] mptbase: ioc0: Initiating bringup
[    1.180556] e1000 0000:00:03.0 enp0s3: renamed from eth0
[    1.246949] ioc0: LSI53C1030 A0: Capabilities={Initiator}
[    1.407946] scsi host2: ioc0: LSI53C1030 A0, FwRev=00000000h, Ports=1, MaxQ=256, IRQ=20
[    1.531037] scsi 2:0:0:0: Direct-Access     VBOX     HARDDISK         1.0  PQ: 0 ANSI: 5
[    1.532617] scsi target2:0:0: Beginning Domain Validation
[    1.534565] scsi target2:0:0: Domain Validation skipping write tests
[    1.535657] scsi target2:0:0: Ending Domain Validation
[    1.536670] scsi target2:0:0: asynchronous
[    1.538028] scsi 2:0:1:0: Direct-Access     VBOX     HARDDISK         1.0  PQ: 0 ANSI: 5
[    1.539064] scsi target2:0:1: Beginning Domain Validation
[    1.540351] scsi target2:0:1: Domain Validation skipping write tests
[    1.541100] scsi target2:0:1: Ending Domain Validation
[    1.541703] scsi target2:0:1: asynchronous
[    1.545475] sd 2:0:0:0: Attached scsi generic sg0 type 0
[    1.545967] sd 2:0:0:0: [sda] 83886080 512-byte logical blocks: (42.9 GB/40.0 GiB)
[    1.547274] sd 2:0:1:0: Attached scsi generic sg1 type 0
[    1.547383] sd 2:0:0:0: [sda] Write Protect is off
[    1.547474] sd 2:0:0:0: [sda] Incomplete mode parameter data
[    1.547476] sd 2:0:0:0: [sda] Assuming drive cache: write through
[    1.548389]  sda: sda1
[    1.549010] sd 2:0:0:0: [sda] Attached SCSI disk
[    1.550260] sd 2:0:1:0: [sdb] 20480 512-byte logical blocks: (10.5 MB/10.0 MiB)
[    1.551217] sd 2:0:1:0: [sdb] Write Protect is off
[    1.551825] sd 2:0:1:0: [sdb] Incomplete mode parameter data
[    1.552422] sd 2:0:1:0: [sdb] Assuming drive cache: write through
[    1.554391] sd 2:0:1:0: [sdb] Attached SCSI disk
Begin: Loading essential drivers ... [    2.772447] md: linear personality registered for level -1
[    2.775530] md: multipath personality registered for level -4
[    2.778464] md: raid0 personality registered for level 0
[    2.782122] md: raid1 personality registered for level 1
[    2.850655] raid6: sse2x1   gen()  8777 MB/s
[    2.918659] raid6: sse2x1   xor()  8835 MB/s
[    2.986661] raid6: sse2x2   gen() 17845 MB/s
[    3.054652] raid6: sse2x2   xor() 12350 MB/s
[    3.122663] raid6: sse2x4   gen() 19685 MB/s
[    3.190656] raid6: sse2x4   xor() 11235 MB/s
[    3.258663] raid6: avx2x1   gen() 22278 MB/s
[    3.326664] raid6: avx2x2   gen() 37252 MB/s
[    3.394658] raid6: avx2x4   gen() 36668 MB/s
[    3.395151] raid6: using algorithm avx2x2 gen() 37252 MB/s
[    3.395676] raid6: using avx2x2 recovery algorithm
[    3.397270] xor: automatically using best checksumming function:
[    3.437390]    avx       : 30714.000 MB/sec
[    3.438504] async_tx: api initialized (async)
[    3.444108] md: raid6 personality registered for level 6
[    3.444670] md: raid5 personality registered for level 5
[    3.445192] md: raid4 personality registered for level 4
[    3.448689] md: raid10 personality registered for level 10
done.
Begin: Running /scripts/init-premount ... done.
Begin: Mounting root file system ... Begin: Running /scripts/local-top ... done.
Begin: Running /scripts/local-premount ... [    3.465312] Btrfs loaded
Scanning for Btrfs filesystems
done.
Warning: fsck not present, so skipping root file system
[    3.493524] EXT4-fs (sda1): mounted filesystem with ordered data mode. Opts: (null)
done.
Begin: Running /scripts/local-bottom ... done.
Begin: Running /scripts/init-bottom ... done.
[    3.546746] systemd[1]: systemd 229 running in system mode. (+PAM +AUDIT +SELINUX +IMA +APPARMOR +SMACK +SYSVINIT +UTMP +LIBCRYPTSETUP +GCRYPT +GNUTLS +ACL +XZ -LZ4 +SECCOMP +BLKID +ELFUTILS +KMOD -IDN)
[    3.549143] systemd[1]: Detected virtualization oracle.
[    3.549882] systemd[1]: Detected architecture x86-64.

Welcome to [1mUbuntu 16.04.7 LTS[0m!

[    3.551993] systemd[1]: Set hostname to <ubuntu-xenial>.
[    3.628335] systemd[1]: Started Forward Password Requests to Wall Directory Watch.
[[0;32m  OK  [0m] Started Forward Password Requests to Wall Directory Watch.
[    3.630016] systemd[1]: Listening on Device-mapper event daemon FIFOs.
[[0;32m  OK  [0m] Listening on Device-mapper event daemon FIFOs.
[    3.631801] systemd[1]: Listening on /dev/initctl Compatibility Named Pipe.
[[0;32m  OK  [0m] Listening on /dev/initctl Compatibility Named Pipe.
[    3.633596] systemd[1]: Reached target Encrypted Volumes.
[[0;32m  OK  [0m] Reached target Encrypted Volumes.
[    3.635157] systemd[1]: Reached target User and Group Name Lookups.
[[0;32m  OK  [0m] Reached target User and Group Name Lookups.
[    3.636895] systemd[1]: Listening on LVM2 poll daemon socket.
[[0;32m  OK  [0m] Listening on LVM2 poll daemon socket.
[    3.638512] systemd[1]: Reached target System Time Synchronized.
[[0;32m  OK  [0m] Reached target System Time Synchronized.
[    3.640179] systemd[1]: Listening on fsck to fsckd communication Socket.
[[0;32m  OK  [0m] Listening on fsck to fsckd communication Socket.
[    3.641631] systemd[1]: Listening on Journal Audit Socket.
[[0;32m  OK  [0m] Listening on Journal Audit Socket.
[    3.642942] systemd[1]: Listening on udev Kernel Socket.
[[0;32m  OK  [0m] Listening on udev Kernel Socket.
[    3.643880] systemd[1]: Reached target Swap.
[[0;32m  OK  [0m] Reached target Swap.
[    3.644891] systemd[1]: Listening on Journal Socket.
[[0;32m  OK  [0m] Listening on Journal Socket.
[    3.645998] systemd[1]: Listening on LVM2 metadata daemon socket.
[[0;32m  OK  [0m] Listening on LVM2 metadata daemon socket.
[    3.647301] systemd[1]: Listening on Syslog Socket.
[[0;32m  OK  [0m] Listening on Syslog Socket.
[    3.648335] systemd[1]: Started Trigger resolvconf update for networkd DNS.
[[0;32m  OK  [0m] Started Trigger resolvconf update for networkd DNS.
[    3.649699] systemd[1]: Created slice System Slice.
[[0;32m  OK  [0m] Created slice System Slice.
[    3.662762] systemd[1]: Starting Load Kernel Modules...
         Starting Load Kernel Modules...
[    3.666257] systemd[1]: Mounting POSIX Message Queue File System...
         Mounting POSIX Message Queue File System...
[    3.670995] Loading iSCSI transport class v2.0-870.
[    3.671486] systemd[1]: Starting File System Check on Root Device...
         Starting File System Check on Root Device...
[    3.674008] systemd[1]: Starting Monitoring of LVM2 mirrors, snapshots etc. using dmeventd or progress polling...
         Starting Monitoring of LVM2 mirrors... dmeventd or progress polling...
[    3.676119] systemd[1]: Created slice system-serial\x2dgetty.slice.
[[0;32m  OK  [0m] Created slice system-serial\x2dgetty.slice.
[    3.678535] systemd[1]: Starting Set console keymap...
         Starting Set console keymap...
[    3.680764] systemd[1]: Mounting Debug File System...
         Mounting Debug File System...
[    3.681817] iscsi: registered transport (tcp)
[    3.682943] systemd[1]: Created slice User and Session Slice.
[[0;32m  OK  [0m] Created slice User and Session Slice.
[    3.686942] systemd[1]: Mounting Huge Pages File System...
         Mounting Huge Pages File System...
[    3.688087] systemd[1]: Reached target Slices.
[[0;32m  OK  [0m] Reached target Slices.
[    3.689413] systemd[1]: Listening on Journal Socket (/dev/log).
[[0;32m  OK  [0m] Listening on Journal Socket (/dev/log).
[    3.691058] systemd[1]: Starting Journal Service...
         Starting Journal Service...
[    3.693551] systemd[1]: Starting Create list of required static device nodes for the current kernel...
         Starting Create list of required st... nodes for the current kernel...
[    3.695795] systemd[1]: Starting Nameserver information manager...
         Starting Nameserver information manager...
[    3.697864] systemd[1]: Starting Uncomplicated firewall...
         Starting Uncomplicated firewall...
[    3.699336] systemd[1]: Set up automount Arbitrary Executable File Formats File System Automount Point.
[[0;32m  OK  [0m] Set up automount Arbitrary Executab...ats File System Automount Point.
[    3.702595] systemd[1]: Listening on udev Control Socket.
[[0;32m  OK  [0m] Listening on udev Control Socket.
[    3.704363] systemd[1]: Mounted Huge Pages File System.
[[0;32m  OK  [0m] Mounted Huge Pages File System.
[    3.705430] systemd[1]: Mounted POSIX Message Queue File System.
[[0;32m  OK  [0m] Mounted POSIX Message Queue File System.
[    3.706591] systemd[1]: Mounted Debug File System.
[[0;32m  OK  [0m] Mounted Debug File System.
[    3.707944] systemd[1]: Started Create list of required static device nodes for the current kernel.
[[0;32m  OK  [0m] Started Create list of required sta...ce nodes for the current kernel.
[    3.711147] systemd[1]: Started Uncomplicated firewall.
[[0;32m  OK  [0m] Started Uncomplicated firewall.
[    3.712910] systemd[1]: Started File System Check Daemon to report status.
[[0;32m  OK  [0m] Started File System Check Daemon to report status.
[    3.718897] systemd[1]: Starting Create Static Device Nodes in /dev...
         Starting Create Static Device Nodes in /dev...
[    3.720560] systemd[1]: Started Nameserver information manager.
[[0;32m  OK  [0m] Started Nameserver information manager.
[    3.723187] systemd[1]: Started LVM2 metadata daemon.
[[0;32m  OK  [0m] Started LVM2 metadata daemon.
[    3.727380] systemd[1]: Started File System Check on Root Device.
[[0;32m  OK  [0m] Started File System Check on Root Device.
[    3.729002] systemd[1]: Starting Remount Root and Kernel File Systems...
         Starting Remount Root and Kernel File Systems...
[    3.732165] systemd[1]: Started Set console keymap.
[[0;32m  OK  [0m] Started Set console keymap.
[    3.733584] systemd[1]: Started Create Static Device Nodes in /dev.
[[0;32m  OK  [0m] Started Create Static Device Nodes in /dev.
[    3.735657] systemd[1]: Starting udev Kernel Device Manager...
         Starting udev Kernel Device Manager...
[    3.738919] EXT4-fs (sda1): re-mounted. Opts: (null)
[    3.740470] systemd[1]: Started Remount Root and Kernel File Systems.
[[0;32m  OK  [0m] Started Remount Root and Kernel File Systems.
[    3.742455] systemd[1]: Starting udev Coldplug all Devices...
         Starting udev Coldplug all Devices...
[    3.744378] systemd[1]: Starting Load/Save Random Seed...
         Starting Load/Save Random Seed...
[    3.748079] systemd[1]: Started Load/Save Random Seed.
[[0;32m  OK  [0m] Started Load/Save Random Seed.
[    3.753000] systemd[1]: Started Journal Service.
[[0;32m  OK  [0m] Started Journal Service.
         Starting Flush Journal to Persistent Storage...
[    3.759428] iscsi: registered transport (iser)
[[0;32m  OK  [0m] Started Load Kernel Modules.
         Starting Apply Kernel Variables...
         Mounting FUSE Control File System...
[[0;32m  OK  [0m] Mounted FUSE Control File System.
[[0;32m  OK  [0m] Started Apply Kernel Variables.
[[0;32m  OK  [0m] Started udev Kernel Device Manager.
[[0;32m  OK  [0m] Started udev Coldplug all Devices.
[[0;32m  OK  [0m] Started Dispatch Password Requests to Console Directory Watch.
[[0;32m  OK  [0m] Started Flush Journal to Persistent Storage.
[[0;32m  OK  [0m] Found device /dev/ttyS0.
[[0;32m  OK  [0m] Listening on Load/Save RF Kill Switch Status /dev/rfkill Watch.
[[0;32m  OK  [0m] Found device 82540EM Gigabit Ethern...r (PRO/1000 MT Desktop Adapter).
[[0;32m  OK  [0m] Started Monitoring of LVM2 mirrors,...ng dmeventd or progress polling.
[[0;32m  OK  [0m] Reached target Local File Systems (Pre).
[[0;32m  OK  [0m] Reached target Local File Systems.
         Starting Set console font and keymap...
         Starting Initial cloud-init job (pre-networking)...
         Starting Create Volatile Files and Directories...
         Starting Tell Plymouth To Write Out Runtime Data...
         Starting LSB: AppArmor initialization...
[[0;32m  OK  [0m] Started Create Volatile Files and Directories.
[[0;32m  OK  [0m] Started Tell Plymouth To Write Out Runtime Data.
         Starting Update UTMP about System Boot/Shutdown...
[[0;32m  OK  [0m] Started Update UTMP about System Boot/Shutdown.
[[0;32m  OK  [0m] Started LSB: AppArmor initialization.
         Starting Load AppArmor profiles managed internally by snapd...
[[0;32m  OK  [0m] Started Load AppArmor profiles managed internally by snapd.
[[0;32m  OK  [0m] Started Set console font and keymap.
[[0;32m  OK  [0m] Created slice system-getty.slice.
[    4.522107] cloud-init[643]: Cloud-init v. 21.1-19-gbad84ad4-0ubuntu1~16.04.2 running 'init-local' at Thu, 21 Apr 2022 16:32:00 +0000. Up 4.37 seconds.
[[0;32m  OK  [0m] Started Initial cloud-init job (pre-networking).
[[0;32m  OK  [0m] Reached target Network (Pre).
[[0;32m  OK  [0m] Started ifup for enp0s3.
         Starting Raise network interfaces...
[[0;32m  OK  [0m] Started Raise network interfaces.
[[0;32m  OK  [0m] Reached target Network.
         Starting Initial cloud-init job (metadata service crawler)...
[    4.961191] cloud-init[988]: Cloud-init v. 21.1-19-gbad84ad4-0ubuntu1~16.04.2 running 'init' at Thu, 21 Apr 2022 16:32:00 +0000. Up 4.81 seconds.
[    4.961951] cloud-init[988]: ci-info: ++++++++++++++++++++++++++++++++++++++Net device info++++++++++++++++++++++++++++++++++++++
[    4.962607] cloud-init[988]: ci-info: +--------+------+----------------------------+---------------+--------+-------------------+
[    4.963293] cloud-init[988]: ci-info: | Device |  Up  |          Address           |      Mask     | Scope  |     Hw-Address    |
[    4.963952] cloud-init[988]: ci-info: +--------+------+----------------------------+---------------+--------+-------------------+
[    4.964614] cloud-init[988]: ci-info: | enp0s3 | True |         10.0.2.15          | 255.255.255.0 | global | 02:be:82:6b:cc:1d |
[    4.965281] cloud-init[988]: ci-info: | enp0s3 | True | fe80::be:82ff:fe6b:cc1d/64 |       .       |  link  | 02:be:82:6b:cc:1d |
[    4.965959] cloud-init[988]: ci-info: |   lo   | True |         127.0.0.1          |   255.0.0.0   |  host  |         .         |
[    4.966611] cloud-init[988]: ci-info: |   lo   | True |          ::1/128           |       .       |  host  |         .         |
[    4.967314] cloud-init[988]: ci-info: +--------+------+----------------------------+---------------+--------+-------------------+
[    4.967962] cloud-init[988]: ci-info: +++++++++++++++++++++++++++Route IPv4 info++++++++++++++++++++++++++++
[    4.976189] cloud-init[988]: ci-info: +-------+-------------+----------+---------------+-----------+-------+
[    4.977046] cloud-init[988]: ci-info: | Route | Destination | Gateway  |    Genmask    | Interface | Flags |
[    4.984299] cloud-init[988]: ci-info: +-------+-------------+----------+---------------+-----------+-------+
[    4.984973] cloud-init[988]: ci-info: |   0   |   0.0.0.0   | 10.0.2.2 |    0.0.0.0    |   enp0s3  |   UG  |
[    4.985709] cloud-init[988]: ci-info: |   1   |   10.0.2.0  | 0.0.0.0  | 255.255.255.0 |   enp0s3  |   U   |
[    4.992325] [[0;32m  OK  [0m] Started Initial cloud-init job (metadata service crawler).
cloud-init[[0;32m  OK  [0m] Reached target Cloud-config availability.
[[0;32m  OK  [0m] Reached target Network is Online.
[988]: ci-info: +-------+-------------+----------+---------------+-----------+-------+
[    4.993264] cloud-init[988]: ci-info: +++++++++++++++++++Route IPv6 info+++++++++++++++++++
[    4.993748] cloud-init[988]: ci-info: +-------+-------------+---------+-----------+-------+
[    4.994213] cloud-init[988]: ci-info: | Route | Destination | Gateway | Interface | Flags |
[    4.994667] cloud-init[988]: ci-info: +-------+-------------+---------+-----------+-------+
[    4.995184] cloud-init[988]: ci-info: |   0   |  fe80::/64  |    ::   |   enp0s3  |   U   |
[    4.995652] cloud-init[988]: ci-info: |   3   |   ff00::/8  |    ::   |   enp0s3  |   U   |
[    4.996146] cloud-init[988]: ci-info: +-------+-------------+---------+-----------+-------+
         Starting iSCSI initiator daemon (iscsid)...
[[0;32m  OK  [0m] Reached target System Initialization.
         Starting LXD - unix socket.
[[0;32m  OK  [0m] Listening on ACPID Listen Socket.
[[0;32m  OK  [0m] Started Daily apt download activities.
[[0;32m  OK  [0m] Listening on D-Bus System Message Bus Socket.
[[0;32m  OK  [0m] Started ACPI Events Check.
[[0;32m  OK  [0m] Reached target Paths.
[[0;32m  OK  [0m] Started Daily Cleanup of Temporary Directories.
         Starting Socket activation for snappy daemon.
[[0;32m  OK  [0m] Started Ubuntu Advantage update messaging.
[[0;32m  OK  [0m] Started Message of the Day.
[[0;32m  OK  [0m] Listening on UUID daemon activation socket.
[[0;32m  OK  [0m] Started Daily apt upgrade and clean activities.
[[0;32m  OK  [0m] Reached target Timers.
[[0;32m  OK  [0m] Listening on LXD - unix socket.
[[0;32m  OK  [0m] Listening on Socket activation for snappy daemon.
[[0;32m  OK  [0m] Reached target Sockets.
[[0;32m  OK  [0m] Reached target Basic System.
[[0;32m  OK  [0m] Started ACPI event daemon.
         Starting /etc/rc.local Compatibility...
         Starting LSB: Record successful boot for GRUB...
[[0;32m  OK  [0m] Started Deferred execution scheduler.
         Starting Accounts Service...
[[0;32m  OK  [0m] Started Regular background program processing daemon.
         Starting System Logging Service...
         Starting LXD - container startup/shutdown...
         Starting Login Service...
[[0;32m  OK  [0m] Started FUSE filesystem for LXC.
[[0;32m  OK  [0m] Started D-Bus System Message Bus.
         Starting Virtualbox guest utils...
         Starting LSB: MD monitoring daemon...
         Starting Snap Daemon...
         Starting OpenBSD Secure Shell server...
[[0;32m  OK  [0m] Started System Logging Service.
[[0;32m  OK  [0m] Started iSCSI initiator daemon (iscsid).
[[0;32m  OK  [0m] Started /etc/rc.local Compatibility.
         Starting Authenticate and Authorize Users to Run Privileged Tasks...
         Starting Login to default iSCSI targets...
[[0;32m  OK  [0m] Started LSB: MD monitoring daemon.
[[0;32m  OK  [0m] Started Login Service.
[[0;32m  OK  [0m] Started Unattended Upgrades Shutdown.
[[0;32m  OK  [0m] Started Authenticate and Authorize Users to Run Privileged Tasks.
[[0;32m  OK  [0m] Started Login to default iSCSI targets.
[[0;32m  OK  [0m] Reached target Remote File Systems (Pre).
         Mounting /vagrant...
[[0;32m  OK  [0m] Started LSB: Record successful boot for GRUB.
[[0;32m  OK  [0m] Started Accounts Service.
[[0;1;31mFAILED[0m] Failed to mount /vagrant.
See 'systemctl status vagrant.mount' for details.
[[0;1;33mDEPEND[0m] Dependency failed for Remote File Systems.
[[0;32m  OK  [0m] Started LXD - container startup/shutdown.
         Starting Permit User Sessions...
         Starting LSB: Set the CPU Frequency Scaling governor to "ondemand"...
         Starting LSB: automatic crash report generation...
         Starting LSB: daemon to balance interrupts for SMP systems...
[[0;32m  OK  [0m] Started Permit User Sessions.
         Starting Hold until boot process finishes up...
         Starting Terminate Plymouth Boot Screen...
[[0;32m  OK  [0m] Started OpenBSD Secure Shell server.
[[0;32m  OK  [0m] Started Virtualbox guest utils.
[[0;32m  OK  [0m] Started Hold until boot process finishes up.
[[0;32m  OK  [0m] Started Terminate Plymouth Boot Screen.
[[0;32m  OK  [0m] Started Getty on tty1.
[[0;32m  OK  [0m] Started Serial Getty on ttyS0.
[[0;32m  OK  [0m] Reached target Login Prompts.
         Starting Set console scheme...
[[0;32m  OK  [0m] Started LSB: Set the CPU Frequency Scaling governor to "ondemand".
[[0;32m  OK  [0m] Started Set console scheme.
[[0;32m  OK  [0m] Started LSB: daemon to balance interrupts for SMP systems.
[[0;32m  OK  [0m] Started LSB: automatic crash report generation.
[[0;32m  OK  [0m] Started Snap Daemon.
         Starting Wait until snapd is fully seeded...
[[0;32m  OK  [0m] Started Wait until snapd is fully seeded.
         Starting Apply the settings specified in cloud-config...
[[0;32m  OK  [0m] Reached target Multi-User System.
[[0;32m  OK  [0m] Reached target Graphical Interface.
         Starting Update UTMP about System Runlevel Changes...
[[0;32m  OK  [0m] Started Update UTMP about System Runlevel Changes.
[    5.523616] cloud-init[1245]: Cloud-init v. 21.1-19-gbad84ad4-0ubuntu1~16.04.2 running 'modules:config' at Thu, 21 Apr 2022 16:32:01 +0000. Up 5.46 seconds.
[[0;32m  OK  [0m] Started Apply the settings specified in cloud-config.
         Starting Execute cloud user/final scripts...
[    5.800350] cloud-init[1258]: Cloud-init v. 21.1-19-gbad84ad4-0ubuntu1~16.04.2 running 'modules:final' at Thu, 21 Apr 2022 16:32:01 +0000. Up 5.71 seconds.
[    5.801141] cloud-init[1258]: Cloud-init v. 21.1-19-gbad84ad4-0ubuntu1~16.04.2 finished at Thu, 21 Apr 2022 16:32:01 +0000. Datasource DataSourceNoCloud [seed=/dev/sdb][dsmode=net].  Up 5.79 seconds
[[0;32m  OK  [0m] Started Execute cloud user/final scripts.
[[0;32m  OK  [0m] Reached target Cloud-init target.

Ubuntu 16.04.7 LTS ubuntu-xenial ttyS0

ubuntu-xenial login: 